// Jest Snapshot v1, https://goo.gl/fbAQLP

exports[`should render header correctly 1`] = `
<header
  className="header"
>
  <div
    className="content-container"
  >
    <div
      className="header__content"
    >
      <Link
        className="header__title"
        replace={false}
        to="/dashboard"
      >
        <h1
          className="header__title"
        >
          Pup
          <span>
            Skills
          </span>
        </h1>
      </Link>
      <div>
        <button
          className="header__button"
          onClick={[Function]}
        >
          Sign In
        </button>
      </div>
    </div>
  </div>
</header>
`;
