// Jest Snapshot v1, https://goo.gl/fbAQLP

exports[`should render NameCard component correctly 1`] = `
<div
  className="name-card"
>
  <h2>
    Hello, 
    .
  </h2>
</div>
`;
